Bienvenue dans une nouvelle partie de echecs 2000, les echecs du futur !


     a     b     c     d     e     f     g     h    
  +-----+-----+-----+-----+-----+-----+-----+-----+
8 |  ♜[0m  |  ♞[0m  |  ♝[0m  |  ♛[0m  |  ♚[0m  |  ♝[0m  |  ♞[0m  |  ♜[0m  | Pieces blanches prises :
  +-----+-----+-----+-----+-----+-----+-----+-----+
7 |  ♟[0m  |  ♟[0m  |  ♟[0m  |  ♟[0m  |  ♟[0m  |  ♟[0m  |  ♟[0m  |  ♟[0m  |
  +-----+-----+-----+-----+-----+-----+-----+-----+
6 |     |     |     |     |     |     |     |     |
  +-----+-----+-----+-----+-----+-----+-----+-----+
5 |     |     |     |     |     |     |     |     |
  +-----+-----+-----+-----+-----+-----+-----+-----+
4 |     |     |     |     |     |     |     |     |
  +-----+-----+-----+-----+-----+-----+-----+-----+
3 |     |     |     |     |     |     |     |     |
  +-----+-----+-----+-----+-----+-----+-----+-----+
2 |  ♙[0m  |  ♙[0m  |  ♙[0m  |  ♙[0m  |  ♙[0m  |  ♙[0m  |  ♙[0m  |  ♙[0m  |
  +-----+-----+-----+-----+-----+-----+-----+-----+
1 |  ♖[0m  |  ♘[0m  |  ♗[0m  |  ♕[0m  |  ♔[0m  |  ♗[0m  |  ♘[0m  |  ♖[0m  | Pieces noires prises :
  +-----+-----+-----+-----+-----+-----+-----+-----+
Tour 0 : mouvement des blancs?  Un ♖ ne peut pas faire ce mouvement. Code : 3

     a     b     c     d     e     f     g     h    
  +-----+-----+-----+-----+-----+-----+-----+-----+
8 |  ♜[0m  |  ♞[0m  |  ♝[0m  |  ♛[0m  |  ♚[0m  |  ♝[0m  |  ♞[0m  |  ♜[0m  | Pieces blanches prises :
  +-----+-----+-----+-----+-----+-----+-----+-----+
7 |  ♟[0m  |  ♟[0m  |  ♟[0m  |  ♟[0m  |  ♟[0m  |  ♟[0m  |  ♟[0m  |  ♟[0m  |
  +-----+-----+-----+-----+-----+-----+-----+-----+
6 |     |     |     |     |     |     |     |     |
  +-----+-----+-----+-----+-----+-----+-----+-----+
5 |     |     |     |     |     |     |     |     |
  +-----+-----+-----+-----+-----+-----+-----+-----+
4 |     |     |     |     |     |     |     |     |
  +-----+-----+-----+-----+-----+-----+-----+-----+
3 |     |     |     |     |     |     |     |     |
  +-----+-----+-----+-----+-----+-----+-----+-----+
2 |  ♙[0m  |  ♙[0m  |  ♙[0m  |  ♙[0m  |  ♙[0m  |  ♙[0m  |  ♙[0m  |  ♙[0m  |
  +-----+-----+-----+-----+-----+-----+-----+-----+
1 |  ♖[0m  |  ♘[0m  |  ♗[0m  |  ♕[0m  |  ♔[0m  |  ♗[0m  |  ♘[0m  |  ♖[0m  | Pieces noires prises :
  +-----+-----+-----+-----+-----+-----+-----+-----+
Tour 0 : mouvement des blancs?  
     a     b     c     d     e     f     g     h    
  +-----+-----+-----+-----+-----+-----+-----+-----+
8 |  ♜[0m  |  ♞[0m  |  ♝[0m  |  ♛[0m  |  ♚[0m  |  ♝[0m  |  ♞[0m  |  ♜[0m  | Pieces blanches prises :
  +-----+-----+-----+-----+-----+-----+-----+-----+
7 |  ♟[0m  |  ♟[0m  |  ♟[0m  |  ♟[0m  |  ♟[0m  |  ♟[0m  |  ♟[0m  |  ♟[0m  |
  +-----+-----+-----+-----+-----+-----+-----+-----+
6 |     |     |     |     |     |     |     |     |
  +-----+-----+-----+-----+-----+-----+-----+-----+
5 |     |     |     |     |     |     |     |     |
  +-----+-----+-----+-----+-----+-----+-----+-----+
4 |  ♙[0m  |     |     |     |     |     |     |     |
  +-----+-----+-----+-----+-----+-----+-----+-----+
3 |     |     |     |     |     |     |     |     |
  +-----+-----+-----+-----+-----+-----+-----+-----+
2 |     |  ♙[0m  |  ♙[0m  |  ♙[0m  |  ♙[0m  |  ♙[0m  |  ♙[0m  |  ♙[0m  |
  +-----+-----+-----+-----+-----+-----+-----+-----+
1 |  ♖[0m  |  ♘[0m  |  ♗[0m  |  ♕[0m  |  ♔[0m  |  ♗[0m  |  ♘[0m  |  ♖[0m  | Pieces noires prises :
  +-----+-----+-----+-----+-----+-----+-----+-----+
Tour 1 : mouvement des noirs?  Un ♜ ne peut pas faire ce mouvement. Code : 3

     a     b     c     d     e     f     g     h    
  +-----+-----+-----+-----+-----+-----+-----+-----+
8 |  ♜[0m  |  ♞[0m  |  ♝[0m  |  ♛[0m  |  ♚[0m  |  ♝[0m  |  ♞[0m  |  ♜[0m  | Pieces blanches prises :
  +-----+-----+-----+-----+-----+-----+-----+-----+
7 |  ♟[0m  |  ♟[0m  |  ♟[0m  |  ♟[0m  |  ♟[0m  |  ♟[0m  |  ♟[0m  |  ♟[0m  |
  +-----+-----+-----+-----+-----+-----+-----+-----+
6 |     |     |     |     |     |     |     |     |
  +-----+-----+-----+-----+-----+-----+-----+-----+
5 |     |     |     |     |     |     |     |     |
  +-----+-----+-----+-----+-----+-----+-----+-----+
4 |  ♙[0m  |     |     |     |     |     |     |     |
  +-----+-----+-----+-----+-----+-----+-----+-----+
3 |     |     |     |     |     |     |     |     |
  +-----+-----+-----+-----+-----+-----+-----+-----+
2 |     |  ♙[0m  |  ♙[0m  |  ♙[0m  |  ♙[0m  |  ♙[0m  |  ♙[0m  |  ♙[0m  |
  +-----+-----+-----+-----+-----+-----+-----+-----+
1 |  ♖[0m  |  ♘[0m  |  ♗[0m  |  ♕[0m  |  ♔[0m  |  ♗[0m  |  ♘[0m  |  ♖[0m  | Pieces noires prises :
  +-----+-----+-----+-----+-----+-----+-----+-----+
Tour 1 : mouvement des noirs?  
     a     b     c     d     e     f     g     h    
  +-----+-----+-----+-----+-----+-----+-----+-----+
8 |  ♜[0m  |  ♞[0m  |  ♝[0m  |  ♛[0m  |  ♚[0m  |  ♝[0m  |  ♞[0m  |  ♜[0m  | Pieces blanches prises :
  +-----+-----+-----+-----+-----+-----+-----+-----+
7 |  ♟[0m  |     |  ♟[0m  |  ♟[0m  |  ♟[0m  |  ♟[0m  |  ♟[0m  |  ♟[0m  |
  +-----+-----+-----+-----+-----+-----+-----+-----+
6 |     |     |     |     |     |     |     |     |
  +-----+-----+-----+-----+-----+-----+-----+-----+
5 |     |  ♟[0m  |     |     |     |     |     |     |
  +-----+-----+-----+-----+-----+-----+-----+-----+
4 |  ♙[0m  |     |     |     |     |     |     |     |
  +-----+-----+-----+-----+-----+-----+-----+-----+
3 |     |     |     |     |     |     |     |     |
  +-----+-----+-----+-----+-----+-----+-----+-----+
2 |     |  ♙[0m  |  ♙[0m  |  ♙[0m  |  ♙[0m  |  ♙[0m  |  ♙[0m  |  ♙[0m  |
  +-----+-----+-----+-----+-----+-----+-----+-----+
1 |  ♖[0m  |  ♘[0m  |  ♗[0m  |  ♕[0m  |  ♔[0m  |  ♗[0m  |  ♘[0m  |  ♖[0m  | Pieces noires prises :
  +-----+-----+-----+-----+-----+-----+-----+-----+
Tour 2 : mouvement des blancs?  
     a     b     c     d     e     f     g     h    
  +-----+-----+-----+-----+-----+-----+-----+-----+
8 |  ♜[0m  |  ♞[0m  |  ♝[0m  |  ♛[0m  |  ♚[0m  |  ♝[0m  |  ♞[0m  |  ♜[0m  | Pieces blanches prises :
  +-----+-----+-----+-----+-----+-----+-----+-----+
7 |  ♟[0m  |     |  ♟[0m  |  ♟[0m  |  ♟[0m  |  ♟[0m  |  ♟[0m  |  ♟[0m  |
  +-----+-----+-----+-----+-----+-----+-----+-----+
6 |     |     |     |     |     |     |     |     |
  +-----+-----+-----+-----+-----+-----+-----+-----+
5 |     |  ♙[0m  |     |     |     |     |     |     |
  +-----+-----+-----+-----+-----+-----+-----+-----+
4 |     |     |     |     |     |     |     |     |
  +-----+-----+-----+-----+-----+-----+-----+-----+
3 |     |     |     |     |     |     |     |     |
  +-----+-----+-----+-----+-----+-----+-----+-----+
2 |     |  ♙[0m  |  ♙[0m  |  ♙[0m  |  ♙[0m  |  ♙[0m  |  ♙[0m  |  ♙[0m  |
  +-----+-----+-----+-----+-----+-----+-----+-----+
1 |  ♖[0m  |  ♘[0m  |  ♗[0m  |  ♕[0m  |  ♔[0m  |  ♗[0m  |  ♘[0m  |  ♖[0m  | Pieces noires prises :  ♟
  +-----+-----+-----+-----+-----+-----+-----+-----+
Tour 3 : mouvement des noirs?  
     a     b     c     d     e     f     g     h    
  +-----+-----+-----+-----+-----+-----+-----+-----+
8 |  ♜[0m  |  ♞[0m  |  ♝[0m  |  ♛[0m  |  ♚[0m  |  ♝[0m  |  ♞[0m  |  ♜[0m  | Pieces blanches prises :
  +-----+-----+-----+-----+-----+-----+-----+-----+
7 |     |     |  ♟[0m  |  ♟[0m  |  ♟[0m  |  ♟[0m  |  ♟[0m  |  ♟[0m  |
  +-----+-----+-----+-----+-----+-----+-----+-----+
6 |     |     |     |     |     |     |     |     |
  +-----+-----+-----+-----+-----+-----+-----+-----+
5 |  ♟[0m  |  ♙[0m  |     |     |     |     |     |     |
  +-----+-----+-----+-----+-----+-----+-----+-----+
4 |     |     |     |     |     |     |     |     |
  +-----+-----+-----+-----+-----+-----+-----+-----+
3 |     |     |     |     |     |     |     |     |
  +-----+-----+-----+-----+-----+-----+-----+-----+
2 |     |  ♙[0m  |  ♙[0m  |  ♙[0m  |  ♙[0m  |  ♙[0m  |  ♙[0m  |  ♙[0m  |
  +-----+-----+-----+-----+-----+-----+-----+-----+
1 |  ♖[0m  |  ♘[0m  |  ♗[0m  |  ♕[0m  |  ♔[0m  |  ♗[0m  |  ♘[0m  |  ♖[0m  | Pieces noires prises :  ♟
  +-----+-----+-----+-----+-----+-----+-----+-----+
Tour 4 : mouvement des blancs?  Un ♖ ne peut pas faire ce mouvement. Code : 3

     a     b     c     d     e     f     g     h    
  +-----+-----+-----+-----+-----+-----+-----+-----+
8 |  ♜[0m  |  ♞[0m  |  ♝[0m  |  ♛[0m  |  ♚[0m  |  ♝[0m  |  ♞[0m  |  ♜[0m  | Pieces blanches prises :
  +-----+-----+-----+-----+-----+-----+-----+-----+
7 |     |     |  ♟[0m  |  ♟[0m  |  ♟[0m  |  ♟[0m  |  ♟[0m  |  ♟[0m  |
  +-----+-----+-----+-----+-----+-----+-----+-----+
6 |     |     |     |     |     |     |     |     |
  +-----+-----+-----+-----+-----+-----+-----+-----+
5 |  ♟[0m  |  ♙[0m  |     |     |     |     |     |     |
  +-----+-----+-----+-----+-----+-----+-----+-----+
4 |     |     |     |     |     |     |     |     |
  +-----+-----+-----+-----+-----+-----+-----+-----+
3 |     |     |     |     |     |     |     |     |
  +-----+-----+-----+-----+-----+-----+-----+-----+
2 |     |  ♙[0m  |  ♙[0m  |  ♙[0m  |  ♙[0m  |  ♙[0m  |  ♙[0m  |  ♙[0m  |
  +-----+-----+-----+-----+-----+-----+-----+-----+
1 |  ♖[0m  |  ♘[0m  |  ♗[0m  |  ♕[0m  |  ♔[0m  |  ♗[0m  |  ♘[0m  |  ♖[0m  | Pieces noires prises :  ♟
  +-----+-----+-----+-----+-----+-----+-----+-----+
Tour 4 : mouvement des blancs?  
     a     b     c     d     e     f     g     h    
  +-----+-----+-----+-----+-----+-----+-----+-----+
8 |  ♜[0m  |  ♞[0m  |  ♝[0m  |  ♛[0m  |  ♚[0m  |  ♝[0m  |  ♞[0m  |  ♜[0m  | Pieces blanches prises :
  +-----+-----+-----+-----+-----+-----+-----+-----+
7 |     |     |  ♟[0m  |  ♟[0m  |  ♟[0m  |  ♟[0m  |  ♟[0m  |  ♟[0m  |
  +-----+-----+-----+-----+-----+-----+-----+-----+
6 |     |     |     |     |     |     |     |     |
  +-----+-----+-----+-----+-----+-----+-----+-----+
5 |  ♟[0m  |  ♙[0m  |     |     |     |     |     |     |
  +-----+-----+-----+-----+-----+-----+-----+-----+
4 |  ♖[0m  |     |     |     |     |     |     |     |
  +-----+-----+-----+-----+-----+-----+-----+-----+
3 |     |     |     |     |     |     |     |     |
  +-----+-----+-----+-----+-----+-----+-----+-----+
2 |     |  ♙[0m  |  ♙[0m  |  ♙[0m  |  ♙[0m  |  ♙[0m  |  ♙[0m  |  ♙[0m  |
  +-----+-----+-----+-----+-----+-----+-----+-----+
1 |     |  ♘[0m  |  ♗[0m  |  ♕[0m  |  ♔[0m  |  ♗[0m  |  ♘[0m  |  ♖[0m  | Pieces noires prises :  ♟
  +-----+-----+-----+-----+-----+-----+-----+-----+
Tour 5 : mouvement des noirs?  Un ♜ ne peut pas faire ce mouvement. Code : 3

     a     b     c     d     e     f     g     h    
  +-----+-----+-----+-----+-----+-----+-----+-----+
8 |  ♜[0m  |  ♞[0m  |  ♝[0m  |  ♛[0m  |  ♚[0m  |  ♝[0m  |  ♞[0m  |  ♜[0m  | Pieces blanches prises :
  +-----+-----+-----+-----+-----+-----+-----+-----+
7 |     |     |  ♟[0m  |  ♟[0m  |  ♟[0m  |  ♟[0m  |  ♟[0m  |  ♟[0m  |
  +-----+-----+-----+-----+-----+-----+-----+-----+
6 |     |     |     |     |     |     |     |     |
  +-----+-----+-----+-----+-----+-----+-----+-----+
5 |  ♟[0m  |  ♙[0m  |     |     |     |     |     |     |
  +-----+-----+-----+-----+-----+-----+-----+-----+
4 |  ♖[0m  |     |     |     |     |     |     |     |
  +-----+-----+-----+-----+-----+-----+-----+-----+
3 |     |     |     |     |     |     |     |     |
  +-----+-----+-----+-----+-----+-----+-----+-----+
2 |     |  ♙[0m  |  ♙[0m  |  ♙[0m  |  ♙[0m  |  ♙[0m  |  ♙[0m  |  ♙[0m  |
  +-----+-----+-----+-----+-----+-----+-----+-----+
1 |     |  ♘[0m  |  ♗[0m  |  ♕[0m  |  ♔[0m  |  ♗[0m  |  ♘[0m  |  ♖[0m  | Pieces noires prises :  ♟
  +-----+-----+-----+-----+-----+-----+-----+-----+
Tour 5 : mouvement des noirs?  
     a     b     c     d     e     f     g     h    
  +-----+-----+-----+-----+-----+-----+-----+-----+
8 |     |  ♞[0m  |  ♝[0m  |  ♛[0m  |  ♚[0m  |  ♝[0m  |  ♞[0m  |  ♜[0m  | Pieces blanches prises :
  +-----+-----+-----+-----+-----+-----+-----+-----+
7 |  ♜[0m  |     |  ♟[0m  |  ♟[0m  |  ♟[0m  |  ♟[0m  |  ♟[0m  |  ♟[0m  |
  +-----+-----+-----+-----+-----+-----+-----+-----+
6 |     |     |     |     |     |     |     |     |
  +-----+-----+-----+-----+-----+-----+-----+-----+
5 |  ♟[0m  |  ♙[0m  |     |     |     |     |     |     |
  +-----+-----+-----+-----+-----+-----+-----+-----+
4 |  ♖[0m  |     |     |     |     |     |     |     |
  +-----+-----+-----+-----+-----+-----+-----+-----+
3 |     |     |     |     |     |     |     |     |
  +-----+-----+-----+-----+-----+-----+-----+-----+
2 |     |  ♙[0m  |  ♙[0m  |  ♙[0m  |  ♙[0m  |  ♙[0m  |  ♙[0m  |  ♙[0m  |
  +-----+-----+-----+-----+-----+-----+-----+-----+
1 |     |  ♘[0m  |  ♗[0m  |  ♕[0m  |  ♔[0m  |  ♗[0m  |  ♘[0m  |  ♖[0m  | Pieces noires prises :  ♟
  +-----+-----+-----+-----+-----+-----+-----+-----+
Tour 6 : mouvement des blancs?  
     a     b     c     d     e     f     g     h    
  +-----+-----+-----+-----+-----+-----+-----+-----+
8 |     |  ♞[0m  |  ♝[0m  |  ♛[0m  |  ♚[0m  |  ♝[0m  |  ♞[0m  |  ♜[0m  | Pieces blanches prises :
  +-----+-----+-----+-----+-----+-----+-----+-----+
7 |  ♜[0m  |     |  ♟[0m  |  ♟[0m  |  ♟[0m  |  ♟[0m  |  ♟[0m  |  ♟[0m  |
  +-----+-----+-----+-----+-----+-----+-----+-----+
6 |     |     |     |     |     |     |     |     |
  +-----+-----+-----+-----+-----+-----+-----+-----+
5 |  ♟[0m  |  ♙[0m  |     |     |     |     |     |     |
  +-----+-----+-----+-----+-----+-----+-----+-----+
4 |     |     |     |     |     |  ♖[0m  |     |     |
  +-----+-----+-----+-----+-----+-----+-----+-----+
3 |     |     |     |     |     |     |     |     |
  +-----+-----+-----+-----+-----+-----+-----+-----+
2 |     |  ♙[0m  |  ♙[0m  |  ♙[0m  |  ♙[0m  |  ♙[0m  |  ♙[0m  |  ♙[0m  |
  +-----+-----+-----+-----+-----+-----+-----+-----+
1 |     |  ♘[0m  |  ♗[0m  |  ♕[0m  |  ♔[0m  |  ♗[0m  |  ♘[0m  |  ♖[0m  | Pieces noires prises :  ♟
  +-----+-----+-----+-----+-----+-----+-----+-----+
Tour 7 : mouvement des noirs?  
,wN,wB,wQ,wK,wB,wN,wR,,wP,wP,wP,wP,wP,wP,wP,,,,,,,,,,,,,,wR,,,bP,wP,,,,,,,,,,,,,,,bR,,bP,bP,bP,bP,bP,bP,,bN,bB,bQ,bK,bB,bN,bR,
